<html>
<body>
<pre>
<h1>µVision Build Log</h1>
<h2>Project:</h2>
C:\Users\bits\Downloads\Lab1_ESD_mine-20211117T084219Z-001\Lab1_ESD_mine\Lab1_ESD.uvproj
Project File Date:  11/17/2021

<h2>Output:</h2>
Rebuild target 'Target 1'
assembling LPC2300.s...
compiling Blinky.c...
compiling IRQ.c...
IRQ.c(40): warning:  #167-D: argument of type "unsigned char *" is incompatible with parameter of type "char *restrict"
                sprintf(mcount,"%.0f",j);
IRQ.c(45): warning:  #167-D: argument of type "char *" is incompatible with parameter of type "const unsigned char *"
                lcd_print(ans);
IRQ.c(56): warning:  #1-D: last line of file ends without a newline
  }
IRQ.c: 3 warnings, 0 errors
compiling LCD_4bit.c...
linking...
Program Size: Code=10776 RO-data=272 RW-data=68 ZI-data=1388  
".\Lab1_ESD.axf" - 0 Error(s), 3 Warning(s).
Load "C:\\Users\\bits\\Downloads\\Lab1_ESD_mine-20211117T084219Z-001\\Lab1_ESD_mine\\Lab1_ESD.axf" 
Erase Done.
Programming Done.
Verify OK.
Application running ...
</pre>
</body>
</html>
